../Core/Src/main.c:67:6:ledtest	8	static
../Core/Src/main.c:70:8:led1test	8	static
../Core/Src/main.c:73:8:led2test	8	static
../Core/Src/main.c:76:8:led3test	8	static
../Core/Src/main.c:79:8:led4test	8	static
../Core/Src/main.c:83:5:main	8	static
../Core/Src/main.c:135:6:SystemClock_Config	72	static
../Core/Src/main.c:172:13:MX_TIM2_Init	32	static
../Core/Src/main.c:217:13:MX_GPIO_Init	32	static
../Core/Src/main.c:244:6:HAL_TIM_PeriodElapsedCallback	16	static
../Core/Src/main.c:253:6:Error_Handler	4	static,ignoring_inline_asm
